V1 160
FL C:/DocsForDan/IceCube/A_RealFlasherProduction/FlasherPY05/CPLDV12/register_o.vhf 2005/04/07.10:33:09
EN work/FD_MXILINX_REGISTER_O \
      FL C:/DocsForDan/IceCube/A_RealFlasherProduction/FlasherPY05/CPLDV12/register_o.vhf \
      PB ieee/STD_LOGIC_1164 PH ieee/NUMERIC_STD
AR work/FD_MXILINX_REGISTER_O/BEHAVIORAL \
      FL C:/DocsForDan/IceCube/A_RealFlasherProduction/FlasherPY05/CPLDV12/register_o.vhf \
      EN work/FD_MXILINX_REGISTER_O CP GND CP FDCP
EN work/FDR_MXILINX_REGISTER_O \
      FL C:/DocsForDan/IceCube/A_RealFlasherProduction/FlasherPY05/CPLDV12/register_o.vhf \
      PB ieee/STD_LOGIC_1164 PH ieee/NUMERIC_STD
AR work/FDR_MXILINX_REGISTER_O/BEHAVIORAL \
      FL C:/DocsForDan/IceCube/A_RealFlasherProduction/FlasherPY05/CPLDV12/register_o.vhf \
      EN work/FDR_MXILINX_REGISTER_O CP AND2B1 CP FD_MXILINX_REGISTER_O
EN work/FDRE_MXILINX_REGISTER_O \
      FL C:/DocsForDan/IceCube/A_RealFlasherProduction/FlasherPY05/CPLDV12/register_o.vhf \
      PB ieee/STD_LOGIC_1164 PH ieee/NUMERIC_STD
AR work/FDRE_MXILINX_REGISTER_O/BEHAVIORAL \
      FL C:/DocsForDan/IceCube/A_RealFlasherProduction/FlasherPY05/CPLDV12/register_o.vhf \
      EN work/FDRE_MXILINX_REGISTER_O CP AND3B1 CP AND3B2   CP OR2 \
      CP FD_MXILINX_REGISTER_O
EN work/FD4RE_MXILINX_REGISTER_O \
      FL C:/DocsForDan/IceCube/A_RealFlasherProduction/FlasherPY05/CPLDV12/register_o.vhf \
      PB ieee/STD_LOGIC_1164 PH ieee/NUMERIC_STD
AR work/FD4RE_MXILINX_REGISTER_O/BEHAVIORAL \
      FL C:/DocsForDan/IceCube/A_RealFlasherProduction/FlasherPY05/CPLDV12/register_o.vhf \
      EN work/FD4RE_MXILINX_REGISTER_O CP FDRE_MXILINX_REGISTER_O
EN work/FD8RE_MXILINX_REGISTER_O \
      FL C:/DocsForDan/IceCube/A_RealFlasherProduction/FlasherPY05/CPLDV12/register_o.vhf \
      PB ieee/STD_LOGIC_1164 PH ieee/NUMERIC_STD
AR work/FD8RE_MXILINX_REGISTER_O/BEHAVIORAL \
      FL C:/DocsForDan/IceCube/A_RealFlasherProduction/FlasherPY05/CPLDV12/register_o.vhf \
      EN work/FD8RE_MXILINX_REGISTER_O CP FDRE_MXILINX_REGISTER_O
EN work/REGISTER_O \
      FL C:/DocsForDan/IceCube/A_RealFlasherProduction/FlasherPY05/CPLDV12/register_o.vhf \
      PB ieee/STD_LOGIC_1164 PH ieee/NUMERIC_STD
AR work/REGISTER_O/BEHAVIORAL \
      FL C:/DocsForDan/IceCube/A_RealFlasherProduction/FlasherPY05/CPLDV12/register_o.vhf \
      EN work/REGISTER_O CP FD4RE_MXILINX_REGISTER_O CP FD8RE_MXILINX_REGISTER_O \
      CP GND            CP NAND2B1        CP FDR_MXILINX_REGISTER_O CP VCC
FL C:/DocsForDan/IceCube/A_RealFlasherProduction/FlasherPY05/CPLDV12/trig_x.vhf 2005/04/07.10:33:04
EN work/FTCE_MXILINX_TRIG_X \
      FL C:/DocsForDan/IceCube/A_RealFlasherProduction/FlasherPY05/CPLDV12/trig_x.vhf \
      PB ieee/STD_LOGIC_1164 PH ieee/NUMERIC_STD
AR work/FTCE_MXILINX_TRIG_X/BEHAVIORAL \
      FL C:/DocsForDan/IceCube/A_RealFlasherProduction/FlasherPY05/CPLDV12/trig_x.vhf \
      EN work/FTCE_MXILINX_TRIG_X CP XOR2 CP FDCE
EN work/FDC_MXILINX_TRIG_X \
      FL C:/DocsForDan/IceCube/A_RealFlasherProduction/FlasherPY05/CPLDV12/trig_x.vhf \
      PB ieee/STD_LOGIC_1164 PH ieee/NUMERIC_STD
AR work/FDC_MXILINX_TRIG_X/BEHAVIORAL \
      FL C:/DocsForDan/IceCube/A_RealFlasherProduction/FlasherPY05/CPLDV12/trig_x.vhf \
      EN work/FDC_MXILINX_TRIG_X CP GND   CP FDCP
EN work/TRIG_X \
      FL C:/DocsForDan/IceCube/A_RealFlasherProduction/FlasherPY05/CPLDV12/trig_x.vhf \
      PB ieee/STD_LOGIC_1164 PH ieee/NUMERIC_STD
AR work/TRIG_X/BEHAVIORAL \
      FL C:/DocsForDan/IceCube/A_RealFlasherProduction/FlasherPY05/CPLDV12/trig_x.vhf \
      EN work/TRIG_X    CP FDC_MXILINX_TRIG_X CP FTCE_MXILINX_TRIG_X CP VCC \
      CP AND2           CP AND2B1
FL C:/DocsForDan/IceCube/A_RealFlasherProduction/FlasherPY05/CPLDV12/process_1w.vhf 2005/04/07.10:33:05
EN work/OR8_MXILINX_PROCESS_1W \
      FL C:/DocsForDan/IceCube/A_RealFlasherProduction/FlasherPY05/CPLDV12/process_1w.vhf \
      PB ieee/STD_LOGIC_1164 PH ieee/NUMERIC_STD
AR work/OR8_MXILINX_PROCESS_1W/BEHAVIORAL \
      FL C:/DocsForDan/IceCube/A_RealFlasherProduction/FlasherPY05/CPLDV12/process_1w.vhf \
      EN work/OR8_MXILINX_PROCESS_1W CP OR2 CP OR4
EN work/FD_MXILINX_PROCESS_1W \
      FL C:/DocsForDan/IceCube/A_RealFlasherProduction/FlasherPY05/CPLDV12/process_1w.vhf \
      PB ieee/STD_LOGIC_1164 PH ieee/NUMERIC_STD
AR work/FD_MXILINX_PROCESS_1W/BEHAVIORAL \
      FL C:/DocsForDan/IceCube/A_RealFlasherProduction/FlasherPY05/CPLDV12/process_1w.vhf \
      EN work/FD_MXILINX_PROCESS_1W CP GND CP FDCP
EN work/FD4CE_MXILINX_PROCESS_1W \
      FL C:/DocsForDan/IceCube/A_RealFlasherProduction/FlasherPY05/CPLDV12/process_1w.vhf \
      PB ieee/STD_LOGIC_1164 PH ieee/NUMERIC_STD
AR work/FD4CE_MXILINX_PROCESS_1W/BEHAVIORAL \
      FL C:/DocsForDan/IceCube/A_RealFlasherProduction/FlasherPY05/CPLDV12/process_1w.vhf \
      EN work/FD4CE_MXILINX_PROCESS_1W CP FDCE
EN work/FDC_MXILINX_PROCESS_1W \
      FL C:/DocsForDan/IceCube/A_RealFlasherProduction/FlasherPY05/CPLDV12/process_1w.vhf \
      PB ieee/STD_LOGIC_1164 PH ieee/NUMERIC_STD
AR work/FDC_MXILINX_PROCESS_1W/BEHAVIORAL \
      FL C:/DocsForDan/IceCube/A_RealFlasherProduction/FlasherPY05/CPLDV12/process_1w.vhf \
      EN work/FDC_MXILINX_PROCESS_1W CP GND CP FDCP
EN work/PROCESS_1W \
      FL C:/DocsForDan/IceCube/A_RealFlasherProduction/FlasherPY05/CPLDV12/process_1w.vhf \
      PB ieee/STD_LOGIC_1164 PH ieee/NUMERIC_STD
AR work/PROCESS_1W/BEHAVIORAL \
      FL C:/DocsForDan/IceCube/A_RealFlasherProduction/FlasherPY05/CPLDV12/process_1w.vhf \
      EN work/PROCESS_1W CP TIMER_1W      CP FD4CE_MXILINX_PROCESS_1W CP FDCE \
      CP AND2           CP FDC_MXILINX_PROCESS_1W CP GND    CP VCC            CP OR2 \
      CP INV            CP AND2B1         CP BUFE           CP BUF            CP NAND3 \
      CP FD_MXILINX_PROCESS_1W CP NAND2B1 CP OR8_MXILINX_PROCESS_1W CP AND3B2 \
      CP AND3B1         CP AND3           CP AND2B2
FL C:/DocsForDan/IceCube/A_RealFlasherProduction/FlasherPY05/CPLDV12/tick.vhf 2005/04/07.10:33:12
EN work/FD_MXILINX_TICK \
      FL C:/DocsForDan/IceCube/A_RealFlasherProduction/FlasherPY05/CPLDV12/tick.vhf \
      PB ieee/STD_LOGIC_1164 PH ieee/NUMERIC_STD
AR work/FD_MXILINX_TICK/BEHAVIORAL \
      FL C:/DocsForDan/IceCube/A_RealFlasherProduction/FlasherPY05/CPLDV12/tick.vhf \
      EN work/FD_MXILINX_TICK CP GND      CP FDCP
EN work/FDRE_MXILINX_TICK \
      FL C:/DocsForDan/IceCube/A_RealFlasherProduction/FlasherPY05/CPLDV12/tick.vhf \
      PB ieee/STD_LOGIC_1164 PH ieee/NUMERIC_STD
AR work/FDRE_MXILINX_TICK/BEHAVIORAL \
      FL C:/DocsForDan/IceCube/A_RealFlasherProduction/FlasherPY05/CPLDV12/tick.vhf \
      EN work/FDRE_MXILINX_TICK CP AND3B1 CP AND3B2         CP OR2 \
      CP FD_MXILINX_TICK
EN work/FTRSE_MXILINX_TICK \
      FL C:/DocsForDan/IceCube/A_RealFlasherProduction/FlasherPY05/CPLDV12/tick.vhf \
      PB ieee/STD_LOGIC_1164 PH ieee/NUMERIC_STD
AR work/FTRSE_MXILINX_TICK/BEHAVIORAL \
      FL C:/DocsForDan/IceCube/A_RealFlasherProduction/FlasherPY05/CPLDV12/tick.vhf \
      EN work/FTRSE_MXILINX_TICK CP XOR2  CP FDRE_MXILINX_TICK CP OR2
EN work/CB16RE_MXILINX_TICK \
      FL C:/DocsForDan/IceCube/A_RealFlasherProduction/FlasherPY05/CPLDV12/tick.vhf \
      PB ieee/STD_LOGIC_1164 PH ieee/NUMERIC_STD
AR work/CB16RE_MXILINX_TICK/BEHAVIORAL \
      FL C:/DocsForDan/IceCube/A_RealFlasherProduction/FlasherPY05/CPLDV12/tick.vhf \
      EN work/CB16RE_MXILINX_TICK CP GND  CP AND5           CP AND2           CP AND3 \
      CP AND4           CP VCC            CP FTRSE_MXILINX_TICK
EN work/BUF8_MXILINX_TICK \
      FL C:/DocsForDan/IceCube/A_RealFlasherProduction/FlasherPY05/CPLDV12/tick.vhf \
      PB ieee/STD_LOGIC_1164 PH ieee/NUMERIC_STD
AR work/BUF8_MXILINX_TICK/BEHAVIORAL \
      FL C:/DocsForDan/IceCube/A_RealFlasherProduction/FlasherPY05/CPLDV12/tick.vhf \
      EN work/BUF8_MXILINX_TICK CP BUF
EN work/TICK \
      FL C:/DocsForDan/IceCube/A_RealFlasherProduction/FlasherPY05/CPLDV12/tick.vhf \
      PB ieee/STD_LOGIC_1164 PH ieee/NUMERIC_STD
AR work/TICK/BEHAVIORAL \
      FL C:/DocsForDan/IceCube/A_RealFlasherProduction/FlasherPY05/CPLDV12/tick.vhf \
      EN work/TICK      CP CB16RE_MXILINX_TICK CP BUF8_MXILINX_TICK CP OR2 \
      CP AND2B2
FL C:/DocsForDan/IceCube/A_RealFlasherProduction/FlasherPY05/CPLDV12/flasher.vhf 2005/04/07.10:33:04
EN work/BUFE8_MXILINX_FLASHER \
      FL C:/DocsForDan/IceCube/A_RealFlasherProduction/FlasherPY05/CPLDV12/flasher.vhf \
      PB ieee/STD_LOGIC_1164 PH ieee/NUMERIC_STD
AR work/BUFE8_MXILINX_FLASHER/BEHAVIORAL \
      FL C:/DocsForDan/IceCube/A_RealFlasherProduction/FlasherPY05/CPLDV12/flasher.vhf \
      EN work/BUFE8_MXILINX_FLASHER CP BUFE
EN work/FD_MXILINX_FLASHER \
      FL C:/DocsForDan/IceCube/A_RealFlasherProduction/FlasherPY05/CPLDV12/flasher.vhf \
      PB ieee/STD_LOGIC_1164 PH ieee/NUMERIC_STD
AR work/FD_MXILINX_FLASHER/BEHAVIORAL \
      FL C:/DocsForDan/IceCube/A_RealFlasherProduction/FlasherPY05/CPLDV12/flasher.vhf \
      EN work/FD_MXILINX_FLASHER CP GND   CP FDCP
EN work/FDC_MXILINX_FLASHER \
      FL C:/DocsForDan/IceCube/A_RealFlasherProduction/FlasherPY05/CPLDV12/flasher.vhf \
      PB ieee/STD_LOGIC_1164 PH ieee/NUMERIC_STD
AR work/FDC_MXILINX_FLASHER/BEHAVIORAL \
      FL C:/DocsForDan/IceCube/A_RealFlasherProduction/FlasherPY05/CPLDV12/flasher.vhf \
      EN work/FDC_MXILINX_FLASHER CP GND  CP FDCP
EN work/FLASHER \
      FL C:/DocsForDan/IceCube/A_RealFlasherProduction/FlasherPY05/CPLDV12/flasher.vhf \
      PB ieee/STD_LOGIC_1164 PH ieee/NUMERIC_STD
AR work/FLASHER/BEHAVIORAL \
      FL C:/DocsForDan/IceCube/A_RealFlasherProduction/FlasherPY05/CPLDV12/flasher.vhf \
      EN work/FLASHER   CP TRIG_X         CP PROCESS_1W     CP PROCESS_NORM \
      CP PULLUP         CP OR2            CP BUFG           CP FDC_MXILINX_FLASHER \
      CP INV            CP VCC            CP FD_MXILINX_FLASHER CP NAND3B1    CP BUF \
      CP DJW_SPI        CP TICK           CP BUFE8_MXILINX_FLASHER
FL C:/DocsForDan/IceCube/A_RealFlasherProduction/FlasherPY05/CPLDV12/djw_spi.vhf 2005/04/07.10:33:10
EN work/D2_4E_MXILINX_DJW_SPI \
      FL C:/DocsForDan/IceCube/A_RealFlasherProduction/FlasherPY05/CPLDV12/djw_spi.vhf \
      PB ieee/STD_LOGIC_1164 PH ieee/NUMERIC_STD
AR work/D2_4E_MXILINX_DJW_SPI/BEHAVIORAL \
      FL C:/DocsForDan/IceCube/A_RealFlasherProduction/FlasherPY05/CPLDV12/djw_spi.vhf \
      EN work/D2_4E_MXILINX_DJW_SPI CP AND3 CP AND3B1       CP AND3B2
EN work/FD_MXILINX_DJW_SPI \
      FL C:/DocsForDan/IceCube/A_RealFlasherProduction/FlasherPY05/CPLDV12/djw_spi.vhf \
      PB ieee/STD_LOGIC_1164 PH ieee/NUMERIC_STD
AR work/FD_MXILINX_DJW_SPI/BEHAVIORAL \
      FL C:/DocsForDan/IceCube/A_RealFlasherProduction/FlasherPY05/CPLDV12/djw_spi.vhf \
      EN work/FD_MXILINX_DJW_SPI CP GND   CP FDCP
EN work/FTCE_MXILINX_DJW_SPI \
      FL C:/DocsForDan/IceCube/A_RealFlasherProduction/FlasherPY05/CPLDV12/djw_spi.vhf \
      PB ieee/STD_LOGIC_1164 PH ieee/NUMERIC_STD
AR work/FTCE_MXILINX_DJW_SPI/BEHAVIORAL \
      FL C:/DocsForDan/IceCube/A_RealFlasherProduction/FlasherPY05/CPLDV12/djw_spi.vhf \
      EN work/FTCE_MXILINX_DJW_SPI CP XOR2 CP FDCE
EN work/CB4CE_MXILINX_DJW_SPI \
      FL C:/DocsForDan/IceCube/A_RealFlasherProduction/FlasherPY05/CPLDV12/djw_spi.vhf \
      PB ieee/STD_LOGIC_1164 PH ieee/NUMERIC_STD
AR work/CB4CE_MXILINX_DJW_SPI/BEHAVIORAL \
      FL C:/DocsForDan/IceCube/A_RealFlasherProduction/FlasherPY05/CPLDV12/djw_spi.vhf \
      EN work/CB4CE_MXILINX_DJW_SPI CP AND4 CP AND3         CP AND2           CP VCC \
      CP FTCE_MXILINX_DJW_SPI
EN work/M2_1E_MXILINX_DJW_SPI \
      FL C:/DocsForDan/IceCube/A_RealFlasherProduction/FlasherPY05/CPLDV12/djw_spi.vhf \
      PB ieee/STD_LOGIC_1164 PH ieee/NUMERIC_STD
AR work/M2_1E_MXILINX_DJW_SPI/BEHAVIORAL \
      FL C:/DocsForDan/IceCube/A_RealFlasherProduction/FlasherPY05/CPLDV12/djw_spi.vhf \
      EN work/M2_1E_MXILINX_DJW_SPI CP AND3 CP AND3B1       CP OR2
EN work/M2_1_MXILINX_DJW_SPI \
      FL C:/DocsForDan/IceCube/A_RealFlasherProduction/FlasherPY05/CPLDV12/djw_spi.vhf \
      PB ieee/STD_LOGIC_1164 PH ieee/NUMERIC_STD
AR work/M2_1_MXILINX_DJW_SPI/BEHAVIORAL \
      FL C:/DocsForDan/IceCube/A_RealFlasherProduction/FlasherPY05/CPLDV12/djw_spi.vhf \
      EN work/M2_1_MXILINX_DJW_SPI CP AND2B1 CP OR2         CP AND2
EN work/M8_1E_MXILINX_DJW_SPI \
      FL C:/DocsForDan/IceCube/A_RealFlasherProduction/FlasherPY05/CPLDV12/djw_spi.vhf \
      PB ieee/STD_LOGIC_1164 PH ieee/NUMERIC_STD
AR work/M8_1E_MXILINX_DJW_SPI/BEHAVIORAL \
      FL C:/DocsForDan/IceCube/A_RealFlasherProduction/FlasherPY05/CPLDV12/djw_spi.vhf \
      EN work/M8_1E_MXILINX_DJW_SPI CP M2_1E_MXILINX_DJW_SPI \
      CP M2_1_MXILINX_DJW_SPI
EN work/FD8CE_MXILINX_DJW_SPI \
      FL C:/DocsForDan/IceCube/A_RealFlasherProduction/FlasherPY05/CPLDV12/djw_spi.vhf \
      PB ieee/STD_LOGIC_1164 PH ieee/NUMERIC_STD
AR work/FD8CE_MXILINX_DJW_SPI/BEHAVIORAL \
      FL C:/DocsForDan/IceCube/A_RealFlasherProduction/FlasherPY05/CPLDV12/djw_spi.vhf \
      EN work/FD8CE_MXILINX_DJW_SPI CP FDCE
EN work/DJW_SPI \
      FL C:/DocsForDan/IceCube/A_RealFlasherProduction/FlasherPY05/CPLDV12/djw_spi.vhf \
      PB ieee/STD_LOGIC_1164 PH ieee/NUMERIC_STD
AR work/DJW_SPI/BEHAVIORAL \
      FL C:/DocsForDan/IceCube/A_RealFlasherProduction/FlasherPY05/CPLDV12/djw_spi.vhf \
      EN work/DJW_SPI   CP FD8CE_MXILINX_DJW_SPI CP M8_1E_MXILINX_DJW_SPI \
      CP CB4CE_MXILINX_DJW_SPI CP FDCE    CP FD_MXILINX_DJW_SPI CP AND2B1 \
      CP D2_4E_MXILINX_DJW_SPI CP OR2     CP AND3B1         CP AND4           CP AND3B3 \
      CP AND2           CP VCC            CP INV            CP AND3
FL C:/DocsForDan/IceCube/A_RealFlasherProduction/FlasherPY05/CPLDV12/timer_1w.vhf 2005/04/07.10:33:06
EN work/FTCE_MXILINX_TIMER_1W \
      FL C:/DocsForDan/IceCube/A_RealFlasherProduction/FlasherPY05/CPLDV12/timer_1w.vhf \
      PB ieee/STD_LOGIC_1164 PH ieee/NUMERIC_STD
AR work/FTCE_MXILINX_TIMER_1W/BEHAVIORAL \
      FL C:/DocsForDan/IceCube/A_RealFlasherProduction/FlasherPY05/CPLDV12/timer_1w.vhf \
      EN work/FTCE_MXILINX_TIMER_1W CP XOR2 CP FDCE
EN work/CB16CE_MXILINX_TIMER_1W \
      FL C:/DocsForDan/IceCube/A_RealFlasherProduction/FlasherPY05/CPLDV12/timer_1w.vhf \
      PB ieee/STD_LOGIC_1164 PH ieee/NUMERIC_STD
AR work/CB16CE_MXILINX_TIMER_1W/BEHAVIORAL \
      FL C:/DocsForDan/IceCube/A_RealFlasherProduction/FlasherPY05/CPLDV12/timer_1w.vhf \
      EN work/CB16CE_MXILINX_TIMER_1W CP AND3 CP AND2       CP VCC            CP AND4 \
      CP AND5           CP FTCE_MXILINX_TIMER_1W
EN work/TIMER_1W \
      FL C:/DocsForDan/IceCube/A_RealFlasherProduction/FlasherPY05/CPLDV12/timer_1w.vhf \
      PB ieee/STD_LOGIC_1164 PH ieee/NUMERIC_STD
AR work/TIMER_1W/BEHAVIORAL \
      FL C:/DocsForDan/IceCube/A_RealFlasherProduction/FlasherPY05/CPLDV12/timer_1w.vhf \
      EN work/TIMER_1W  CP CB16CE_MXILINX_TIMER_1W CP AND4B3 CP AND4B1        CP AND4B4 \
      CP AND4B2         CP AND4
FL C:/DocsForDan/IceCube/A_RealFlasherProduction/FlasherPY05/CPLDV12/process_norm.vhf 2005/04/07.10:33:07
EN work/BUFE8_MXILINX_PROCESS_NORM \
      FL C:/DocsForDan/IceCube/A_RealFlasherProduction/FlasherPY05/CPLDV12/process_norm.vhf \
      PB ieee/STD_LOGIC_1164 PH ieee/NUMERIC_STD
AR work/BUFE8_MXILINX_PROCESS_NORM/BEHAVIORAL \
      FL C:/DocsForDan/IceCube/A_RealFlasherProduction/FlasherPY05/CPLDV12/process_norm.vhf \
      EN work/BUFE8_MXILINX_PROCESS_NORM CP BUFE
EN work/PROCESS_NORM \
      FL C:/DocsForDan/IceCube/A_RealFlasherProduction/FlasherPY05/CPLDV12/process_norm.vhf \
      PB ieee/STD_LOGIC_1164 PH ieee/NUMERIC_STD
AR work/PROCESS_NORM/BEHAVIORAL \
      FL C:/DocsForDan/IceCube/A_RealFlasherProduction/FlasherPY05/CPLDV12/process_norm.vhf \
      EN work/PROCESS_NORM CP AND3B1      CP AND3B2         CP ADDR_D \
      CP REGISTER_O     CP INV            CP BUFE8_MXILINX_PROCESS_NORM CP GND \
      CP BUF            CP VCC            CP AND2B1         CP OR4            CP OR2 \
      CP AND2
FL C:/DocsForDan/IceCube/A_RealFlasherProduction/FlasherPY05/CPLDV12/addr_d.vhf 2005/04/07.10:33:08
EN work/D4_16E_MXILINX_ADDR_D \
      FL C:/DocsForDan/IceCube/A_RealFlasherProduction/FlasherPY05/CPLDV12/addr_d.vhf \
      PB ieee/STD_LOGIC_1164 PH ieee/NUMERIC_STD
AR work/D4_16E_MXILINX_ADDR_D/BEHAVIORAL \
      FL C:/DocsForDan/IceCube/A_RealFlasherProduction/FlasherPY05/CPLDV12/addr_d.vhf \
      EN work/D4_16E_MXILINX_ADDR_D CP AND5B3 CP AND5B2     CP AND5B1         CP AND5 \
      CP AND5B4
EN work/ADDR_D \
      FL C:/DocsForDan/IceCube/A_RealFlasherProduction/FlasherPY05/CPLDV12/addr_d.vhf \
      PB ieee/STD_LOGIC_1164 PH ieee/NUMERIC_STD
AR work/ADDR_D/BEHAVIORAL \
      FL C:/DocsForDan/IceCube/A_RealFlasherProduction/FlasherPY05/CPLDV12/addr_d.vhf \
      EN work/ADDR_D    CP D4_16E_MXILINX_ADDR_D CP AND2B2
