AR m2_1_mxilinx_djw_spi behavioral C:/DocsForDan/IceCube/Flasher/CPLD_V10/djw_spi.vhf sub00/vhpl53
EN fdre_mxilinx_register_o NULL C:/DocsForDan/IceCube/Flasher/CPLD_V10/register_o.vhf sub00/vhpl08
AR ftrse_mxilinx_tick behavioral C:/DocsForDan/IceCube/Flasher/CPLD_V10/tick.vhf sub00/vhpl65
EN m8_1e_mxilinx_djw_spi NULL C:/DocsForDan/IceCube/Flasher/CPLD_V10/djw_spi.vhf sub00/vhpl54
AR fd_mxilinx_djw_spi behavioral C:/DocsForDan/IceCube/Flasher/CPLD_V10/djw_spi.vhf sub00/vhpl45
EN ftrse_mxilinx_tick NULL C:/DocsForDan/IceCube/Flasher/CPLD_V10/tick.vhf sub00/vhpl64
EN cb4ce_mxilinx_djw_spi NULL C:/DocsForDan/IceCube/Flasher/CPLD_V10/djw_spi.vhf sub00/vhpl48
EN fd_mxilinx_register_o NULL C:/DocsForDan/IceCube/Flasher/CPLD_V10/register_o.vhf sub00/vhpl04
EN fd_mxilinx_process_1w NULL C:/DocsForDan/IceCube/Flasher/CPLD_V10/process_1w.vhf sub00/vhpl30
AR ftce_mxilinx_trig_x behavioral C:/DocsForDan/IceCube/Flasher/CPLD_V10/trig_x.vhf sub00/vhpl23
AR fd8re_mxilinx_register_o behavioral C:/DocsForDan/IceCube/Flasher/CPLD_V10/register_o.vhf sub00/vhpl13
AR process_norm behavioral C:/DocsForDan/IceCube/Flasher/CPLD_V10/process_norm.vhf sub00/vhpl41
EN ftce_mxilinx_timer_1w NULL C:/DocsForDan/IceCube/Flasher/CPLD_V10/timer_1w.vhf sub00/vhpl16
AR fd_mxilinx_flasher behavioral C:/DocsForDan/IceCube/Flasher/CPLD_V10/flasher.vhf sub00/vhpl75
AR trig_x behavioral C:/DocsForDan/IceCube/Flasher/CPLD_V10/trig_x.vhf sub00/vhpl27
EN fd_mxilinx_flasher NULL C:/DocsForDan/IceCube/Flasher/CPLD_V10/flasher.vhf sub00/vhpl74
AR fd_mxilinx_register_o behavioral C:/DocsForDan/IceCube/Flasher/CPLD_V10/register_o.vhf sub00/vhpl05
EN fd8re_mxilinx_register_o NULL C:/DocsForDan/IceCube/Flasher/CPLD_V10/register_o.vhf sub00/vhpl12
AR bufe8_mxilinx_flasher behavioral C:/DocsForDan/IceCube/Flasher/CPLD_V10/flasher.vhf sub00/vhpl73
AR fd_mxilinx_process_1w behavioral C:/DocsForDan/IceCube/Flasher/CPLD_V10/process_1w.vhf sub00/vhpl31
AR fd_mxilinx_tick behavioral C:/DocsForDan/IceCube/Flasher/CPLD_V10/tick.vhf sub00/vhpl61
EN ftce_mxilinx_trig_x NULL C:/DocsForDan/IceCube/Flasher/CPLD_V10/trig_x.vhf sub00/vhpl22
EN m2_1e_mxilinx_djw_spi NULL C:/DocsForDan/IceCube/Flasher/CPLD_V10/djw_spi.vhf sub00/vhpl50
EN d2_4e_mxilinx_djw_spi NULL C:/DocsForDan/IceCube/Flasher/CPLD_V10/djw_spi.vhf sub00/vhpl42
EN d4_16e_mxilinx_addr_d NULL C:/DocsForDan/IceCube/Flasher/CPLD_V10/addr_d.vhf sub00/vhpl00
EN bufe8_mxilinx_process_norm NULL C:/DocsForDan/IceCube/Flasher/CPLD_V10/process_norm.vhf sub00/vhpl38
EN fdc_mxilinx_process_1w NULL C:/DocsForDan/IceCube/Flasher/CPLD_V10/process_1w.vhf sub00/vhpl34
AR d2_4e_mxilinx_djw_spi behavioral C:/DocsForDan/IceCube/Flasher/CPLD_V10/djw_spi.vhf sub00/vhpl43
EN djw_spi NULL C:/DocsForDan/IceCube/Flasher/CPLD_V10/djw_spi.vhf sub00/vhpl58
EN fd_mxilinx_tick NULL C:/DocsForDan/IceCube/Flasher/CPLD_V10/tick.vhf sub00/vhpl60
AR fd4ce_mxilinx_process_1w behavioral C:/DocsForDan/IceCube/Flasher/CPLD_V10/process_1w.vhf sub00/vhpl33
EN or8_mxilinx_process_1w NULL C:/DocsForDan/IceCube/Flasher/CPLD_V10/process_1w.vhf sub00/vhpl28
AR cb16re_mxilinx_tick behavioral C:/DocsForDan/IceCube/Flasher/CPLD_V10/tick.vhf sub00/vhpl67
AR fdc_mxilinx_trig_x behavioral C:/DocsForDan/IceCube/Flasher/CPLD_V10/trig_x.vhf sub00/vhpl25
EN fd4re_mxilinx_register_o NULL C:/DocsForDan/IceCube/Flasher/CPLD_V10/register_o.vhf sub00/vhpl10
EN fdc_mxilinx_trig_x NULL C:/DocsForDan/IceCube/Flasher/CPLD_V10/trig_x.vhf sub00/vhpl24
AR addr_d behavioral C:/DocsForDan/IceCube/Flasher/CPLD_V10/addr_d.vhf sub00/vhpl03
AR ftce_mxilinx_timer_1w behavioral C:/DocsForDan/IceCube/Flasher/CPLD_V10/timer_1w.vhf sub00/vhpl17
AR tick behavioral C:/DocsForDan/IceCube/Flasher/CPLD_V10/tick.vhf sub00/vhpl71
EN cb16ce_mxilinx_timer_1w NULL C:/DocsForDan/IceCube/Flasher/CPLD_V10/timer_1w.vhf sub00/vhpl18
AR ftce_mxilinx_djw_spi behavioral C:/DocsForDan/IceCube/Flasher/CPLD_V10/djw_spi.vhf sub00/vhpl47
AR bufe8_mxilinx_process_norm behavioral C:/DocsForDan/IceCube/Flasher/CPLD_V10/process_norm.vhf sub00/vhpl39
EN timer_1w NULL C:/DocsForDan/IceCube/Flasher/CPLD_V10/timer_1w.vhf sub00/vhpl20
EN bufe8_mxilinx_flasher NULL C:/DocsForDan/IceCube/Flasher/CPLD_V10/flasher.vhf sub00/vhpl72
EN fdc_mxilinx_flasher NULL C:/DocsForDan/IceCube/Flasher/CPLD_V10/flasher.vhf sub00/vhpl76
AR fdc_mxilinx_process_1w behavioral C:/DocsForDan/IceCube/Flasher/CPLD_V10/process_1w.vhf sub00/vhpl35
AR m2_1e_mxilinx_djw_spi behavioral C:/DocsForDan/IceCube/Flasher/CPLD_V10/djw_spi.vhf sub00/vhpl51
EN process_norm NULL C:/DocsForDan/IceCube/Flasher/CPLD_V10/process_norm.vhf sub00/vhpl40
EN fdr_mxilinx_register_o NULL C:/DocsForDan/IceCube/Flasher/CPLD_V10/register_o.vhf sub00/vhpl06
AR d4_16e_mxilinx_addr_d behavioral C:/DocsForDan/IceCube/Flasher/CPLD_V10/addr_d.vhf sub00/vhpl01
AR fdr_mxilinx_register_o behavioral C:/DocsForDan/IceCube/Flasher/CPLD_V10/register_o.vhf sub00/vhpl07
EN flasher NULL C:/DocsForDan/IceCube/Flasher/CPLD_V10/flasher.vhf sub00/vhpl78
AR djw_spi behavioral C:/DocsForDan/IceCube/Flasher/CPLD_V10/djw_spi.vhf sub00/vhpl59
EN fdre_mxilinx_tick NULL C:/DocsForDan/IceCube/Flasher/CPLD_V10/tick.vhf sub00/vhpl62
AR m8_1e_mxilinx_djw_spi behavioral C:/DocsForDan/IceCube/Flasher/CPLD_V10/djw_spi.vhf sub00/vhpl55
EN fd4ce_mxilinx_process_1w NULL C:/DocsForDan/IceCube/Flasher/CPLD_V10/process_1w.vhf sub00/vhpl32
AR timer_1w behavioral C:/DocsForDan/IceCube/Flasher/CPLD_V10/timer_1w.vhf sub00/vhpl21
AR fdre_mxilinx_tick behavioral C:/DocsForDan/IceCube/Flasher/CPLD_V10/tick.vhf sub00/vhpl63
AR fdc_mxilinx_flasher behavioral C:/DocsForDan/IceCube/Flasher/CPLD_V10/flasher.vhf sub00/vhpl77
AR cb4ce_mxilinx_djw_spi behavioral C:/DocsForDan/IceCube/Flasher/CPLD_V10/djw_spi.vhf sub00/vhpl49
EN trig_x NULL C:/DocsForDan/IceCube/Flasher/CPLD_V10/trig_x.vhf sub00/vhpl26
EN ftce_mxilinx_djw_spi NULL C:/DocsForDan/IceCube/Flasher/CPLD_V10/djw_spi.vhf sub00/vhpl46
EN tick NULL C:/DocsForDan/IceCube/Flasher/CPLD_V10/tick.vhf sub00/vhpl70
EN m2_1_mxilinx_djw_spi NULL C:/DocsForDan/IceCube/Flasher/CPLD_V10/djw_spi.vhf sub00/vhpl52
EN cb16re_mxilinx_tick NULL C:/DocsForDan/IceCube/Flasher/CPLD_V10/tick.vhf sub00/vhpl66
EN buf8_mxilinx_tick NULL C:/DocsForDan/IceCube/Flasher/CPLD_V10/tick.vhf sub00/vhpl68
AR fd4re_mxilinx_register_o behavioral C:/DocsForDan/IceCube/Flasher/CPLD_V10/register_o.vhf sub00/vhpl11
EN register_o NULL C:/DocsForDan/IceCube/Flasher/CPLD_V10/register_o.vhf sub00/vhpl14
AR or8_mxilinx_process_1w behavioral C:/DocsForDan/IceCube/Flasher/CPLD_V10/process_1w.vhf sub00/vhpl29
EN fd8ce_mxilinx_djw_spi NULL C:/DocsForDan/IceCube/Flasher/CPLD_V10/djw_spi.vhf sub00/vhpl56
EN process_1w NULL C:/DocsForDan/IceCube/Flasher/CPLD_V10/process_1w.vhf sub00/vhpl36
AR register_o behavioral C:/DocsForDan/IceCube/Flasher/CPLD_V10/register_o.vhf sub00/vhpl15
AR buf8_mxilinx_tick behavioral C:/DocsForDan/IceCube/Flasher/CPLD_V10/tick.vhf sub00/vhpl69
AR flasher behavioral C:/DocsForDan/IceCube/Flasher/CPLD_V10/flasher.vhf sub00/vhpl79
AR process_1w behavioral C:/DocsForDan/IceCube/Flasher/CPLD_V10/process_1w.vhf sub00/vhpl37
EN fd_mxilinx_djw_spi NULL C:/DocsForDan/IceCube/Flasher/CPLD_V10/djw_spi.vhf sub00/vhpl44
EN addr_d NULL C:/DocsForDan/IceCube/Flasher/CPLD_V10/addr_d.vhf sub00/vhpl02
AR fd8ce_mxilinx_djw_spi behavioral C:/DocsForDan/IceCube/Flasher/CPLD_V10/djw_spi.vhf sub00/vhpl57
AR cb16ce_mxilinx_timer_1w behavioral C:/DocsForDan/IceCube/Flasher/CPLD_V10/timer_1w.vhf sub00/vhpl19
AR fdre_mxilinx_register_o behavioral C:/DocsForDan/IceCube/Flasher/CPLD_V10/register_o.vhf sub00/vhpl09
